../Drivers/LibraryDS/Src/DS1086.c:46:6:ConfigDS1086	32	static
../Drivers/LibraryDS/Src/DS1086.c:164:10:Conversion	88	static
../Drivers/LibraryDS/Src/DS1086.c:221:6:commendHandler	48	static
../Drivers/LibraryDS/Src/DS1086.c:383:6:DS_Delay	24	static
../Drivers/LibraryDS/Src/DS1086.c:406:13:WriteByte	32	static
../Drivers/LibraryDS/Src/DS1086.c:416:13:ReadByte	32	static
../Drivers/LibraryDS/Src/DS1086.c:425:13:WriteTowByte	32	static
../Drivers/LibraryDS/Src/DS1086.c:435:17:power	24	static
../Drivers/LibraryDS/Src/DS1086.c:443:17:DS_GetTick	8	static
../Drivers/LibraryDS/Src/DS1086.c:446:13:DS_init_TIM14	8	static
../Drivers/LibraryDS/Src/DS1086.c:453:13:DS_UART_Transmission	16	static
../Drivers/LibraryDS/Src/DS1086.c:462:13:DS_UART_Reception	8	static
../Drivers/LibraryDS/Src/DS1086.c:469:6:HAL_UART_RxCpltCallback	16	static
../Drivers/LibraryDS/Src/DS1086.c:473:6:HAL_UART_TxCpltCallback	16	static
../Drivers/LibraryDS/Src/DS1086.c:477:6:HAL_TIM_PeriodElapsedCallback	16	static
